LAYER
  NAME "point_scale"
  TYPE POINT
  DATA "../shapes/points.shp"
  EXTENT -180 -90 180 90
  METADATA
    "wms_title" "point_scale"
    "wms_srs" "EPSG:4326"
  END
  MAXSCALEDENOM 320000
  CLASS
    NAME "Max scale from class"
    MAXSCALEDENOM 7000
    STYLE
      SYMBOL "circle"
      COLOR 0 0 0
      SIZE 24
    END
  END
  CLASS
    NAME "Max scale from layer, min scale from class"
    MINSCALEDENOM 160000
    STYLE
      SYMBOL "circle"
      COLOR 0 0 0
      SIZE 12
    END
  END
  CLASS
    NAME "Max scale from layer"
    MINSCALEDENOM 160000
    STYLE
      SYMBOL "circle"
      COLOR 0 0 0
      SIZE 6
    END
  END
  CLASS
    NAME "Scale 0 and max scale from class"
    MAXSCALEDENOM 0
    MINSCALEDENOM 0
    STYLE
      SYMBOL "circle"
      SIZE 20
    END
  END
END

LAYER
  NAME "point_scale_2"
  TYPE POINT
  DATA "../shapes/points.shp"
  EXTENT -180 -90 180 90
  METADATA
    "wms_title" "point_scale_2"
  END
  MINSCALEDENOM 6000
  CLASS
    NAME "Min scale from class"
    MINSCALEDENOM 10000
    STYLE
      SYMBOL "circle"
      COLOR 0 0 0
      SIZE 24
    END
  END
  CLASS
    NAME "Scales from class"
    MAXSCALEDENOM 0
    MINSCALEDENOM 3000
    STYLE
      SYMBOL "circle"
      COLOR 0 0 0
      SIZE 12
    END
  END
  CLASS
    NAME "Min scale from layer only"
    MAXSCALEDENOM 50000
    STYLE
      SYMBOL "circle"
      SIZE 6
    END
  END
END

LAYER
  NAME "point_scale_3"
  TYPE POINT
  DATA "../shapes/points.shp"
  EXTENT -180 -90 180 90
  METADATA
    "wms_title" "point_scale_3"
  END
  CLASS
    NAME "Min scale from class"
    MINSCALEDENOM 0
    STYLE
      SYMBOL "circle"
      COLOR 0 0 0
      SIZE 24
    END
  END
END
